This is ApacheBench, Version 2.3 <$Revision: 1706008 $>
Copyright 1996 Adam Twiss, Zeus Technology Ltd, http://www.zeustech.net/
Licensed to The Apache Software Foundation, http://www.apache.org/

Benchmarking localhost (be patient).....done


Server Software:        
Server Hostname:        localhost
Server Port:            9200

Document Path:          /
Document Length:        328 bytes

Concurrency Level:      20
Time taken for tests:   1.549 seconds
Complete requests:      20000
Failed requests:        0
Total transferred:      8300000 bytes
HTML transferred:       6560000 bytes
Requests per second:    12912.47 [#/sec] (mean)
Time per request:       1.549 [ms] (mean)
Time per request:       0.077 [ms] (mean, across all concurrent requests)
Transfer rate:          5233.08 [Kbytes/sec] received

Connection Times (ms)
              min  mean[+/-sd] median   max
Connect:        0    0   0.2      0       2
Processing:     0    1   0.7      1       7
Waiting:        0    1   0.7      1       7
Total:          0    2   0.7      1       8
WARNING: The median and mean for the total time are not within a normal deviation
        These results are probably not that reliable.

Percentage of the requests served within a certain time (ms)
  50%      1
  66%      2
  75%      2
  80%      2
  90%      2
  95%      3
  98%      3
  99%      4
 100%      8 (longest request)
